---
source: crates/permitlayer-daemon/src/design/render.rs
assertion_line: 1051
expression: "snapshot_event(\"approval-unavailable\", \"denied\")"
---
time      service  resource      outcome    agent         event               
15:02:14  gmail    messages/123  ▲ blocked  email-triage  approval-unavailable
