---
source: crates/permitlayer-daemon/src/lifecycle/autostart/macos.rs
expression: xml
---
<?xml version="1.0" encoding="UTF-8"?>
<!DOCTYPE plist PUBLIC "-//Apple//DTD PLIST 1.0//EN" "http://www.apple.com/DTDs/PropertyList-1.0.dtd">
<plist version="1.0">
<dict>
    <key>Label</key>
    <string>dev.agentsso.daemon</string>
    <key>ProgramArguments</key>
    <array>
        <string>/usr/local/bin/agentsso</string>
        <string>start</string>
    </array>
    <key>RunAtLoad</key>
    <true/>
    <key>KeepAlive</key>
    <dict>
        <key>SuccessfulExit</key>
        <false/>
    </dict>
    <key>StandardOutPath</key>
    <string>/Users/maya/.agentsso/logs/autostart.log</string>
    <key>StandardErrorPath</key>
    <string>/Users/maya/.agentsso/logs/autostart.log</string>
    <key>WorkingDirectory</key>
    <string>/Users/maya</string>
    <key>ProcessType</key>
    <string>Background</string>
</dict>
</plist>
