---
source: crates/permitlayer-daemon/src/cli/ui/views/mod.rs
expression: draw(&loaded_app())
---
"┌ agentsso ────────────────────────────────────────────────────────────────────┐"
"│daemon: * running v1.0.0  /  kill: o inactive  /  tokens 2  /  127.0.0.1:3820 │"
"└──────────────────────────────────────────────────────────────────────────────┘"
"┌ Agents ──────────────────────┐┌ Detail ──────────────────────────────────────┐"
"│> - calendar-bot  (2026-05-28T││press Enter to inspect                        │"
"│  - drive-sync  (2026-05-28T10││                                              │"
"│                              ││                                              │"
"│                              ││                                              │"
"│                              ││                                              │"
"│                              ││                                              │"
"│                              ││                                              │"
"│                              ││                                              │"
"│                              ││                                              │"
"│                              ││                                              │"
"└──────────────────────────────┘└──────────────────────────────────────────────┘"
"↑/↓ move · Enter detail · Tab view · r refresh · Ctrl-K kill · ? help · q quit  "
